<?xml version="1.0" encoding="utf-8"?>
<TestRun id="1139af43-5472-4528-8ffe-6a0aaf5157c1" name="@vsonline_849a835f-22ed-45e8-9c1d-a93aa47ab9a8 2020-07-30 22:19:19" xmlns="http://microsoft.com/schemas/VisualStudio/TeamTest/2010">
  <Times creation="2020-07-30T22:19:19.7739283+00:00" queuing="2020-07-30T22:19:19.7739284+00:00" start="2020-07-30T22:19:18.6714941+00:00" finish="2020-07-30T22:19:19.9437931+00:00" />
  <TestSettings name="default" id="b5aafbff-890e-45d9-b9c0-791b5afb7728">
    <Deployment runDeploymentRoot="_vsonline_849a835f-22ed-45e8-9c1d-a93aa47ab9a8_2020-07-30_22_19_19" />
  </TestSettings>
  <Results>
    <UnitTestResult executionId="5613312c-e8af-46fe-81b4-e166fb44b861" testId="6de80d9a-1fa3-cebf-872a-1e0e3392a4c9" testName="WithSubscriptionValidationEventReturnsActionResult" computerName="vsonline_849a835f-22ed-45e8-9c1d-a93aa47ab9a8" duration="00:00:00.0056632" startTime="2020-07-30T22:19:19.8597863+00:00" endTime="2020-07-30T22:19:19.8656269+00:00" testType="13cdc9d9-ddb5-4fa4-a97d-d965ccfc6d4b" outcome="Passed" testListId="8c84fa94-04c1-424b-9868-57a2d4851a1d" relativeResultsDirectory="5613312c-e8af-46fe-81b4-e166fb44b861" />
    <UnitTestResult executionId="93031663-4f64-4e4d-9429-d96c4ef8b5a6" testId="dafa0fac-4609-bad0-5b98-9acb45fd04f4" testName="WithThrownExceptionThrowsException" computerName="vsonline_849a835f-22ed-45e8-9c1d-a93aa47ab9a8" duration="00:00:00.0061542" startTime="2020-07-30T22:19:19.7923330+00:00" endTime="2020-07-30T22:19:19.7987248+00:00" testType="13cdc9d9-ddb5-4fa4-a97d-d965ccfc6d4b" outcome="Passed" testListId="8c84fa94-04c1-424b-9868-57a2d4851a1d" relativeResultsDirectory="93031663-4f64-4e4d-9429-d96c4ef8b5a6" />
    <UnitTestResult executionId="e5795864-6037-492a-aadc-b50d3d43543a" testId="20179463-a957-5ebe-daf6-c542f0cf368d" testName="WithInvalidMyEdenServiceIdReturnsMyEdenServiceNotFound" computerName="vsonline_849a835f-22ed-45e8-9c1d-a93aa47ab9a8" duration="00:00:00.0027989" startTime="2020-07-30T22:19:19.8474982+00:00" endTime="2020-07-30T22:19:19.8505257+00:00" testType="13cdc9d9-ddb5-4fa4-a97d-d965ccfc6d4b" outcome="Passed" testListId="8c84fa94-04c1-424b-9868-57a2d4851a1d" relativeResultsDirectory="e5795864-6037-492a-aadc-b50d3d43543a" />
    <UnitTestResult executionId="edac2fa2-41ad-4dbc-a954-99d2343f00ce" testId="ba88ab5b-a411-4621-3b95-4167b2ea51f8" testName="WithMissingUserIdReturnsBadRequest" computerName="vsonline_849a835f-22ed-45e8-9c1d-a93aa47ab9a8" duration="00:00:00.0056161" startTime="2020-07-30T22:19:19.6956171+00:00" endTime="2020-07-30T22:19:19.7014336+00:00" testType="13cdc9d9-ddb5-4fa4-a97d-d965ccfc6d4b" outcome="Passed" testListId="8c84fa94-04c1-424b-9868-57a2d4851a1d" relativeResultsDirectory="edac2fa2-41ad-4dbc-a954-99d2343f00ce" />
    <UnitTestResult executionId="41fabbec-7a77-4114-be99-b6cc45e5bec4" testId="91fa1298-09dd-44bf-6fb4-2de8f5bf7d02" testName="WithAnotherUserIdDoesNotReturnSummaries" computerName="vsonline_849a835f-22ed-45e8-9c1d-a93aa47ab9a8" duration="00:00:00.0012837" startTime="2020-07-30T22:19:19.8037847+00:00" endTime="2020-07-30T22:19:19.8052024+00:00" testType="13cdc9d9-ddb5-4fa4-a97d-d965ccfc6d4b" outcome="Passed" testListId="8c84fa94-04c1-424b-9868-57a2d4851a1d" relativeResultsDirectory="41fabbec-7a77-4114-be99-b6cc45e5bec4" />
    <UnitTestResult executionId="be3fa618-5591-44f7-b43a-4b7a197f560c" testId="54451a7c-a471-35a0-83bb-591650fdb9f6" testName="WithSuccessReturnsNoContentResult" computerName="vsonline_849a835f-22ed-45e8-9c1d-a93aa47ab9a8" duration="00:00:00.0187337" startTime="2020-07-30T22:19:19.6067928+00:00" endTime="2020-07-30T22:19:19.6259374+00:00" testType="13cdc9d9-ddb5-4fa4-a97d-d965ccfc6d4b" outcome="Passed" testListId="8c84fa94-04c1-424b-9868-57a2d4851a1d" relativeResultsDirectory="be3fa618-5591-44f7-b43a-4b7a197f560c" />
    <UnitTestResult executionId="6b589661-8e3c-46cb-a133-be244a328140" testId="9420249d-7352-4e90-6bc6-23455d661e4a" testName="WithThrownExceptionThrowsException" computerName="vsonline_849a835f-22ed-45e8-9c1d-a93aa47ab9a8" duration="00:00:00.0058811" startTime="2020-07-30T22:19:19.7667663+00:00" endTime="2020-07-30T22:19:19.7728231+00:00" testType="13cdc9d9-ddb5-4fa4-a97d-d965ccfc6d4b" outcome="Passed" testListId="8c84fa94-04c1-424b-9868-57a2d4851a1d" relativeResultsDirectory="6b589661-8e3c-46cb-a133-be244a328140" />
    <UnitTestResult executionId="c37ed764-93f1-45c2-a173-f67d303413da" testId="e7845ed6-4dd9-8270-61af-99e23411d1bf" testName="WithInvalidJsonRequestReturnsBadRequest" computerName="vsonline_849a835f-22ed-45e8-9c1d-a93aa47ab9a8" duration="00:00:00.0040604" startTime="2020-07-30T22:19:19.7058939+00:00" endTime="2020-07-30T22:19:19.7101195+00:00" testType="13cdc9d9-ddb5-4fa4-a97d-d965ccfc6d4b" outcome="Passed" testListId="8c84fa94-04c1-424b-9868-57a2d4851a1d" relativeResultsDirectory="c37ed764-93f1-45c2-a173-f67d303413da" />
    <UnitTestResult executionId="b7b289d0-be44-4f0c-92bf-aac04289c9ea" testId="a0c0f3a5-b02c-3f7e-e163-ddc53be28029" testName="WithThrownExceptionThrowsException" computerName="vsonline_849a835f-22ed-45e8-9c1d-a93aa47ab9a8" duration="00:00:00.0041803" startTime="2020-07-30T22:19:19.7015049+00:00" endTime="2020-07-30T22:19:19.7058381+00:00" testType="13cdc9d9-ddb5-4fa4-a97d-d965ccfc6d4b" outcome="Passed" testListId="8c84fa94-04c1-424b-9868-57a2d4851a1d" relativeResultsDirectory="b7b289d0-be44-4f0c-92bf-aac04289c9ea" />
    <UnitTestResult executionId="b3a6fd0a-ddd9-4451-ac20-a473d340f4fe" testId="bcc1ca7b-9e38-7449-30cd-b337914e4420" testName="WithMissingUserIdReturnsBadRequest" computerName="vsonline_849a835f-22ed-45e8-9c1d-a93aa47ab9a8" duration="00:00:00.0605169" startTime="2020-07-30T22:19:19.5249175+00:00" endTime="2020-07-30T22:19:19.5857519+00:00" testType="13cdc9d9-ddb5-4fa4-a97d-d965ccfc6d4b" outcome="Passed" testListId="8c84fa94-04c1-424b-9868-57a2d4851a1d" relativeResultsDirectory="b3a6fd0a-ddd9-4451-ac20-a473d340f4fe" />
    <UnitTestResult executionId="68877690-c938-45be-9cf1-a33744d21c9f" testId="102e9f71-4ae4-7930-eb2f-66f22893b2af" testName="WithInvalidMyEdenServiceIdReturnsNull" computerName="vsonline_849a835f-22ed-45e8-9c1d-a93aa47ab9a8" duration="00:00:00.0016756" startTime="2020-07-30T22:19:19.7792415+00:00" endTime="2020-07-30T22:19:19.7810768+00:00" testType="13cdc9d9-ddb5-4fa4-a97d-d965ccfc6d4b" outcome="Passed" testListId="8c84fa94-04c1-424b-9868-57a2d4851a1d" relativeResultsDirectory="68877690-c938-45be-9cf1-a33744d21c9f" />
    <UnitTestResult executionId="e12a86e3-0bb3-4f7d-921e-5c1e7beaefea" testId="8fb2d7dc-bfdc-a8c7-946a-0e4bcb239524" testName="WithIncorrectUserIdReturnsNull" computerName="vsonline_849a835f-22ed-45e8-9c1d-a93aa47ab9a8" duration="00:00:00.0016656" startTime="2020-07-30T22:19:19.7811142+00:00" endTime="2020-07-30T22:19:19.7829344+00:00" testType="13cdc9d9-ddb5-4fa4-a97d-d965ccfc6d4b" outcome="Passed" testListId="8c84fa94-04c1-424b-9868-57a2d4851a1d" relativeResultsDirectory="e12a86e3-0bb3-4f7d-921e-5c1e7beaefea" />
    <UnitTestResult executionId="198e8b80-774e-4e0a-9ad2-f6ec844cc4d5" testId="fe4a419b-333e-8763-faaf-7c777a30cede" testName="WithInvalidMyEdenServiceIdReturnsMyEdenServiceNotFound" computerName="vsonline_849a835f-22ed-45e8-9c1d-a93aa47ab9a8" duration="00:00:00.0018334" startTime="2020-07-30T22:19:19.7550441+00:00" endTime="2020-07-30T22:19:19.7571029+00:00" testType="13cdc9d9-ddb5-4fa4-a97d-d965ccfc6d4b" outcome="Passed" testListId="8c84fa94-04c1-424b-9868-57a2d4851a1d" relativeResultsDirectory="198e8b80-774e-4e0a-9ad2-f6ec844cc4d5" />
    <UnitTestResult executionId="766b907e-51d2-45a8-8005-980b256d6abc" testId="9bde2dcc-883b-80dd-a41e-8ecbd5994daa" testName="WithThrownExceptionThrowsException" computerName="vsonline_849a835f-22ed-45e8-9c1d-a93aa47ab9a8" duration="00:00:00.0206102" startTime="2020-07-30T22:19:19.5858826+00:00" endTime="2020-07-30T22:19:19.6067001+00:00" testType="13cdc9d9-ddb5-4fa4-a97d-d965ccfc6d4b" outcome="Passed" testListId="8c84fa94-04c1-424b-9868-57a2d4851a1d" relativeResultsDirectory="766b907e-51d2-45a8-8005-980b256d6abc" />
    <UnitTestResult executionId="8e53f0b3-a1f7-4b91-8bfa-b70e2f5e2b59" testId="c633da9b-2aa3-a092-8841-97e864031b1d" testName="WithSuccessReturnsMyEdenService" computerName="vsonline_849a835f-22ed-45e8-9c1d-a93aa47ab9a8" duration="00:00:00.0038324" startTime="2020-07-30T22:19:19.7728645+00:00" endTime="2020-07-30T22:19:19.7770477+00:00" testType="13cdc9d9-ddb5-4fa4-a97d-d965ccfc6d4b" outcome="Passed" testListId="8c84fa94-04c1-424b-9868-57a2d4851a1d" relativeResultsDirectory="8e53f0b3-a1f7-4b91-8bfa-b70e2f5e2b59" />
    <UnitTestResult executionId="2fb78125-3a6b-4c4a-9861-20e00b08290b" testId="d24db08a-3b7c-564e-29bf-734c5710653c" testName="WithNoTranscriptReturnsNotFound" computerName="vsonline_849a835f-22ed-45e8-9c1d-a93aa47ab9a8" duration="00:00:00.0037276" startTime="2020-07-30T22:19:19.8558394+00:00" endTime="2020-07-30T22:19:19.8597413+00:00" testType="13cdc9d9-ddb5-4fa4-a97d-d965ccfc6d4b" outcome="Passed" testListId="8c84fa94-04c1-424b-9868-57a2d4851a1d" relativeResultsDirectory="2fb78125-3a6b-4c4a-9861-20e00b08290b" />
    <UnitTestResult executionId="ab5d087c-d2d0-4029-a94b-fbc2221d65de" testId="bfdfd83b-53ad-4348-41e2-a664d03b6cf8" testName="WithMissingMyEdenServiceFileReturnsMyEdenServiceNotUploaded" computerName="vsonline_849a835f-22ed-45e8-9c1d-a93aa47ab9a8" duration="00:00:00.0108413" startTime="2020-07-30T22:19:19.6347932+00:00" endTime="2020-07-30T22:19:19.6458704+00:00" testType="13cdc9d9-ddb5-4fa4-a97d-d965ccfc6d4b" outcome="Passed" testListId="8c84fa94-04c1-424b-9868-57a2d4851a1d" relativeResultsDirectory="ab5d087c-d2d0-4029-a94b-fbc2221d65de" />
    <UnitTestResult executionId="b2a250f1-7169-42b5-b57e-107634cc3fb0" testId="5ffc5707-8996-c579-4409-94a6c1c9f400" testName="WithSuccessUpdatesBlobMetadata" computerName="vsonline_849a835f-22ed-45e8-9c1d-a93aa47ab9a8" duration="00:00:00.0017807" startTime="2020-07-30T22:19:19.6260210+00:00" endTime="2020-07-30T22:19:19.6280071+00:00" testType="13cdc9d9-ddb5-4fa4-a97d-d965ccfc6d4b" outcome="Passed" testListId="8c84fa94-04c1-424b-9868-57a2d4851a1d" relativeResultsDirectory="b2a250f1-7169-42b5-b57e-107634cc3fb0" />
    <UnitTestResult executionId="7b207a86-dcaa-42fb-aaf2-e2ac7cc13bb7" testId="bf4ef788-55db-47f3-3f21-4f5f553f3670" testName="WithIncorrectUserIdReturnsMyEdenServiceNotFound" computerName="vsonline_849a835f-22ed-45e8-9c1d-a93aa47ab9a8" duration="00:00:00.0017292" startTime="2020-07-30T22:19:19.7571595+00:00" endTime="2020-07-30T22:19:19.7590706+00:00" testType="13cdc9d9-ddb5-4fa4-a97d-d965ccfc6d4b" outcome="Passed" testListId="8c84fa94-04c1-424b-9868-57a2d4851a1d" relativeResultsDirectory="7b207a86-dcaa-42fb-aaf2-e2ac7cc13bb7" />
    <UnitTestResult executionId="b2abc1be-1ca4-495b-a1da-e593ab8d9cc1" testId="8710af30-0b16-4e64-dd96-5a9938d72c4b" testName="WithTranscriptMissingReturnsMyEdenServiceNote" computerName="vsonline_849a835f-22ed-45e8-9c1d-a93aa47ab9a8" duration="00:00:00.0019346" startTime="2020-07-30T22:19:19.7771060+00:00" endTime="2020-07-30T22:19:19.7792006+00:00" testType="13cdc9d9-ddb5-4fa4-a97d-d965ccfc6d4b" outcome="Passed" testListId="8c84fa94-04c1-424b-9868-57a2d4851a1d" relativeResultsDirectory="b2abc1be-1ca4-495b-a1da-e593ab8d9cc1" />
    <UnitTestResult executionId="e04a461d-97c0-469f-953b-14b9d092c8d0" testId="1f49555e-86c0-58ca-1d4f-e6c68a256926" testName="WithMissingUserIdReturnsBadRequest" computerName="vsonline_849a835f-22ed-45e8-9c1d-a93aa47ab9a8" duration="00:00:00.0072656" startTime="2020-07-30T22:19:19.7829704+00:00" endTime="2020-07-30T22:19:19.7903986+00:00" testType="13cdc9d9-ddb5-4fa4-a97d-d965ccfc6d4b" outcome="Passed" testListId="8c84fa94-04c1-424b-9868-57a2d4851a1d" relativeResultsDirectory="e04a461d-97c0-469f-953b-14b9d092c8d0" />
    <UnitTestResult executionId="9d79a167-6ba5-4827-a70c-1a46d9534cb6" testId="6c2063a5-8b7d-888d-1fdd-b2117563794f" testName="WithThrownExceptionThrowsException" computerName="vsonline_849a835f-22ed-45e8-9c1d-a93aa47ab9a8" duration="00:00:00.0039044" startTime="2020-07-30T22:19:19.8155033+00:00" endTime="2020-07-30T22:19:19.8195338+00:00" testType="13cdc9d9-ddb5-4fa4-a97d-d965ccfc6d4b" outcome="Passed" testListId="8c84fa94-04c1-424b-9868-57a2d4851a1d" relativeResultsDirectory="9d79a167-6ba5-4827-a70c-1a46d9534cb6" />
    <UnitTestResult executionId="d7158dba-a817-4520-a528-8372921547eb" testId="acb23a0d-2022-f684-b79a-7252c0d548a1" testName="WithThrownExceptionThrowsException" computerName="vsonline_849a835f-22ed-45e8-9c1d-a93aa47ab9a8" duration="00:00:00.0032980" startTime="2020-07-30T22:19:19.8656717+00:00" endTime="2020-07-30T22:19:19.8691366+00:00" testType="13cdc9d9-ddb5-4fa4-a97d-d965ccfc6d4b" outcome="Passed" testListId="8c84fa94-04c1-424b-9868-57a2d4851a1d" relativeResultsDirectory="d7158dba-a817-4520-a528-8372921547eb" />
    <UnitTestResult executionId="48348600-0bf8-4f4c-b357-8e10febfddf1" testId="81fea369-90a1-b3c6-7363-56f2d86164c8" testName="WithMissingCategoryIdReturnsBadRequest" computerName="vsonline_849a835f-22ed-45e8-9c1d-a93aa47ab9a8" duration="00:00:00.0027718" startTime="2020-07-30T22:19:19.7127055+00:00" endTime="2020-07-30T22:19:19.7155920+00:00" testType="13cdc9d9-ddb5-4fa4-a97d-d965ccfc6d4b" outcome="Passed" testListId="8c84fa94-04c1-424b-9868-57a2d4851a1d" relativeResultsDirectory="48348600-0bf8-4f4c-b357-8e10febfddf1" />
    <UnitTestResult executionId="40d6d18d-5e45-4870-b245-133d1a8df4a1" testId="451b451a-226c-73d0-3836-ef9bebc9fc00" testName="WithSuccessDeletesBlob" computerName="vsonline_849a835f-22ed-45e8-9c1d-a93aa47ab9a8" duration="00:00:00.0040909" startTime="2020-07-30T22:19:19.7443168+00:00" endTime="2020-07-30T22:19:19.7487377+00:00" testType="13cdc9d9-ddb5-4fa4-a97d-d965ccfc6d4b" outcome="Passed" testListId="8c84fa94-04c1-424b-9868-57a2d4851a1d" relativeResultsDirectory="40d6d18d-5e45-4870-b245-133d1a8df4a1" />
    <UnitTestResult executionId="02743d9e-f1f1-4e20-810c-9935ea95c836" testId="e5d30344-bd9c-f9ac-8b4d-5a898a2acca2" testName="WithSuccessUpdatesBlobTranscriptInMetadata" computerName="vsonline_849a835f-22ed-45e8-9c1d-a93aa47ab9a8" duration="00:00:00.0205653" startTime="2020-07-30T22:19:19.8195676+00:00" endTime="2020-07-30T22:19:19.8404193+00:00" testType="13cdc9d9-ddb5-4fa4-a97d-d965ccfc6d4b" outcome="Passed" testListId="8c84fa94-04c1-424b-9868-57a2d4851a1d" relativeResultsDirectory="02743d9e-f1f1-4e20-810c-9935ea95c836" />
    <UnitTestResult executionId="e4b036e7-4464-47f8-a437-97bfee729620" testId="64c74cca-c492-6804-0431-5132250cc3b2" testName="WithMissingUserIdReturnsBadRequest" computerName="vsonline_849a835f-22ed-45e8-9c1d-a93aa47ab9a8" duration="00:00:00.0049821" startTime="2020-07-30T22:19:19.8103336+00:00" endTime="2020-07-30T22:19:19.8154567+00:00" testType="13cdc9d9-ddb5-4fa4-a97d-d965ccfc6d4b" outcome="Passed" testListId="8c84fa94-04c1-424b-9868-57a2d4851a1d" relativeResultsDirectory="e4b036e7-4464-47f8-a437-97bfee729620" />
    <UnitTestResult executionId="a417e9bd-e469-4cbb-ab0e-105d17cb7483" testId="f0ea3ec5-8ba0-b8eb-07f9-6d1abb33e3f4" testName="WithBlobStorageFailing" computerName="vsonline_849a835f-22ed-45e8-9c1d-a93aa47ab9a8" duration="00:00:00.0048053" startTime="2020-07-30T22:19:19.8052402+00:00" endTime="2020-07-30T22:19:19.8102930+00:00" testType="13cdc9d9-ddb5-4fa4-a97d-d965ccfc6d4b" outcome="Passed" testListId="8c84fa94-04c1-424b-9868-57a2d4851a1d" relativeResultsDirectory="a417e9bd-e469-4cbb-ab0e-105d17cb7483" />
    <UnitTestResult executionId="5943509c-cb5c-49b2-8739-598f3d5518fb" testId="82d6557e-dcdd-6f26-b6aa-cdece6f1aef7" testName="ProcessMyEdenServiceTranscriptResponseReturnsExpectedResponse" computerName="vsonline_849a835f-22ed-45e8-9c1d-a93aa47ab9a8" duration="00:00:00.0239417" startTime="2020-07-30T22:19:19.7201884+00:00" endTime="2020-07-30T22:19:19.7442491+00:00" testType="13cdc9d9-ddb5-4fa4-a97d-d965ccfc6d4b" outcome="Passed" testListId="8c84fa94-04c1-424b-9868-57a2d4851a1d" relativeResultsDirectory="5943509c-cb5c-49b2-8739-598f3d5518fb" />
    <UnitTestResult executionId="36a9c38f-b212-48aa-b8a9-218de7b8dc5c" testId="7af28eac-4739-2175-287b-ac7dd31373e9" testName="WithSuccessReturnsIdAndUrl" computerName="vsonline_849a835f-22ed-45e8-9c1d-a93aa47ab9a8" duration="00:00:00.1461172" startTime="2020-07-30T22:19:19.3463905+00:00" endTime="2020-07-30T22:19:19.5183347+00:00" testType="13cdc9d9-ddb5-4fa4-a97d-d965ccfc6d4b" outcome="Passed" testListId="8c84fa94-04c1-424b-9868-57a2d4851a1d" relativeResultsDirectory="36a9c38f-b212-48aa-b8a9-218de7b8dc5c" />
    <UnitTestResult executionId="fbddef59-80cc-4333-ac7d-8d0dcd024268" testId="1da55c9b-11ee-be8f-7cc0-4d2b30becf28" testName="CreateMyEdenServiceTranscriptRequestReturnsExpectedRequest" computerName="vsonline_849a835f-22ed-45e8-9c1d-a93aa47ab9a8" duration="00:00:00.0042860" startTime="2020-07-30T22:19:19.7156348+00:00" endTime="2020-07-30T22:19:19.7201451+00:00" testType="13cdc9d9-ddb5-4fa4-a97d-d965ccfc6d4b" outcome="Passed" testListId="8c84fa94-04c1-424b-9868-57a2d4851a1d" relativeResultsDirectory="fbddef59-80cc-4333-ac7d-8d0dcd024268" />
    <UnitTestResult executionId="ec5557c2-173e-400a-8e3a-910d7c924a26" testId="bdebc295-a019-ea8d-69d0-0fa4955df5a9" testName="WithIncorrectUserIdReturnsMyEdenServiceNotUploaded" computerName="vsonline_849a835f-22ed-45e8-9c1d-a93aa47ab9a8" duration="00:00:00.0020262" startTime="2020-07-30T22:19:19.6487909+00:00" endTime="2020-07-30T22:19:19.6510201+00:00" testType="13cdc9d9-ddb5-4fa4-a97d-d965ccfc6d4b" outcome="Passed" testListId="8c84fa94-04c1-424b-9868-57a2d4851a1d" relativeResultsDirectory="ec5557c2-173e-400a-8e3a-910d7c924a26" />
    <UnitTestResult executionId="fedd70af-da30-44b4-83e3-73e0bb72bbdc" testId="32ba9155-e514-8ea4-76d8-dce288441d00" testName="WithMyEdenServiceFileAlreadyCreatedReturnsMyEdenServiceAlreadyCreated" computerName="vsonline_849a835f-22ed-45e8-9c1d-a93aa47ab9a8" duration="00:00:00.0026010" startTime="2020-07-30T22:19:19.6459547+00:00" endTime="2020-07-30T22:19:19.6487259+00:00" testType="13cdc9d9-ddb5-4fa4-a97d-d965ccfc6d4b" outcome="Passed" testListId="8c84fa94-04c1-424b-9868-57a2d4851a1d" relativeResultsDirectory="fedd70af-da30-44b4-83e3-73e0bb72bbdc" />
    <UnitTestResult executionId="0b9ec88a-f721-4a50-b29e-fb461a88f16d" testId="520f37d0-66cf-5108-1da5-558d4429fd22" testName="WithIncorrectUserIdReturnsNotFound" computerName="vsonline_849a835f-22ed-45e8-9c1d-a93aa47ab9a8" duration="00:00:00.0026639" startTime="2020-07-30T22:19:19.8529351+00:00" endTime="2020-07-30T22:19:19.8557911+00:00" testType="13cdc9d9-ddb5-4fa4-a97d-d965ccfc6d4b" outcome="Passed" testListId="8c84fa94-04c1-424b-9868-57a2d4851a1d" relativeResultsDirectory="0b9ec88a-f721-4a50-b29e-fb461a88f16d" />
    <UnitTestResult executionId="75f44734-3acd-48c2-ad21-03b1577901f3" testId="b9fb8fd3-8ceb-0454-d81c-4ed068ea5559" testName="WithMissingUserIdReturnsBadRequest" computerName="vsonline_849a835f-22ed-45e8-9c1d-a93aa47ab9a8" duration="00:00:00.0074459" startTime="2020-07-30T22:19:19.7591100+00:00" endTime="2020-07-30T22:19:19.7667175+00:00" testType="13cdc9d9-ddb5-4fa4-a97d-d965ccfc6d4b" outcome="Passed" testListId="8c84fa94-04c1-424b-9868-57a2d4851a1d" relativeResultsDirectory="75f44734-3acd-48c2-ad21-03b1577901f3" />
    <UnitTestResult executionId="3e81228c-bfe6-4e30-8cf3-86c2664f17f5" testId="8634e201-39ee-8d4b-9808-3e2027c90bb1" testName="WithSuccessPublishesMyEdenServiceDeletedEventToEventGrid" computerName="vsonline_849a835f-22ed-45e8-9c1d-a93aa47ab9a8" duration="00:00:00.0027366" startTime="2020-07-30T22:19:19.7488254+00:00" endTime="2020-07-30T22:19:19.7517802+00:00" testType="13cdc9d9-ddb5-4fa4-a97d-d965ccfc6d4b" outcome="Passed" testListId="8c84fa94-04c1-424b-9868-57a2d4851a1d" relativeResultsDirectory="3e81228c-bfe6-4e30-8cf3-86c2664f17f5" />
    <UnitTestResult executionId="f16d3dfd-22bf-4820-88b3-543f063e61a6" testId="aa5730a5-9cad-d706-eb41-7e0f06774485" testName="WithSuccessPublishesMyEdenServiceCreatedEventToEventGrid" computerName="vsonline_849a835f-22ed-45e8-9c1d-a93aa47ab9a8" duration="00:00:00.0064477" startTime="2020-07-30T22:19:19.6280783+00:00" endTime="2020-07-30T22:19:19.6347165+00:00" testType="13cdc9d9-ddb5-4fa4-a97d-d965ccfc6d4b" outcome="Passed" testListId="8c84fa94-04c1-424b-9868-57a2d4851a1d" relativeResultsDirectory="f16d3dfd-22bf-4820-88b3-543f063e61a6" />
    <UnitTestResult executionId="2be852c0-66bb-45e2-95e4-2300be6447db" testId="ce0947f0-d935-bd62-63d4-66a131334262" testName="WithSuccessReturnsSummaries" computerName="vsonline_849a835f-22ed-45e8-9c1d-a93aa47ab9a8" duration="00:00:00.0045702" startTime="2020-07-30T22:19:19.7987933+00:00" endTime="2020-07-30T22:19:19.8037329+00:00" testType="13cdc9d9-ddb5-4fa4-a97d-d965ccfc6d4b" outcome="Passed" testListId="8c84fa94-04c1-424b-9868-57a2d4851a1d" relativeResultsDirectory="2be852c0-66bb-45e2-95e4-2300be6447db" />
    <UnitTestResult executionId="8461ffb5-d47d-4c14-b844-65b993df44e8" testId="1d57ff94-aa8f-4501-4dde-19984b208a69" testName="WithNullPayloadRequestReturnsBadRequest" computerName="vsonline_849a835f-22ed-45e8-9c1d-a93aa47ab9a8" duration="00:00:00.0023681" startTime="2020-07-30T22:19:19.7101617+00:00" endTime="2020-07-30T22:19:19.7126570+00:00" testType="13cdc9d9-ddb5-4fa4-a97d-d965ccfc6d4b" outcome="Passed" testListId="8c84fa94-04c1-424b-9868-57a2d4851a1d" relativeResultsDirectory="8461ffb5-d47d-4c14-b844-65b993df44e8" />
    <UnitTestResult executionId="5053ce32-f741-4e04-9c15-ebd1c17a5c94" testId="6c22730f-b7cb-555b-84d4-c4171a9ab205" testName="WithSuccessPublishesMyEdenServiceTranscriptUpdatedEventToEventGrid" computerName="vsonline_849a835f-22ed-45e8-9c1d-a93aa47ab9a8" duration="00:00:00.0066104" startTime="2020-07-30T22:19:19.8405288+00:00" endTime="2020-07-30T22:19:19.8474044+00:00" testType="13cdc9d9-ddb5-4fa4-a97d-d965ccfc6d4b" outcome="Passed" testListId="8c84fa94-04c1-424b-9868-57a2d4851a1d" relativeResultsDirectory="5053ce32-f741-4e04-9c15-ebd1c17a5c94" />
  </Results>
  <TestDefinitions>
    <UnitTest name="WithIncorrectUserIdReturnsMyEdenServiceNotUploaded" storage="/home/codespace/workspace/eden/contentreactor/MyEdenService/service.tests/bin/debug/netcoreapp3.1/contentreactor.MyEdenService.service.tests.dll" id="bdebc295-a019-ea8d-69d0-0fa4955df5a9">
      <Execution id="ec5557c2-173e-400a-8e3a-910d7c924a26" />
      <TestMethod codeBase="/home/codespace/workspace/Eden/ContentReactor/MyEdenService/Service.Tests/bin/Debug/netcoreapp3.1/ContentReactor.MyEdenService.Service.Tests.dll" adapterTypeName="executor://mstestadapter/v2" className="ContentReactor.MyEdenService.Service.Tests.Unit.AddCompleteFunctionTests" name="WithIncorrectUserIdReturnsMyEdenServiceNotUploaded" />
    </UnitTest>
    <UnitTest name="WithThrownExceptionThrowsException" storage="/home/codespace/workspace/eden/contentreactor/MyEdenService/service.tests/bin/debug/netcoreapp3.1/contentreactor.MyEdenService.service.tests.dll" id="9bde2dcc-883b-80dd-a41e-8ecbd5994daa">
      <Execution id="766b907e-51d2-45a8-8005-980b256d6abc" />
      <TestMethod codeBase="/home/codespace/workspace/Eden/ContentReactor/MyEdenService/Service.Tests/bin/Debug/netcoreapp3.1/ContentReactor.MyEdenService.Service.Tests.dll" adapterTypeName="executor://mstestadapter/v2" className="ContentReactor.MyEdenService.Service.Tests.Unit.AddBeginFunctionTests" name="WithThrownExceptionThrowsException" />
    </UnitTest>
    <UnitTest name="WithInvalidMyEdenServiceIdReturnsMyEdenServiceNotFound" storage="/home/codespace/workspace/eden/contentreactor/MyEdenService/service.tests/bin/debug/netcoreapp3.1/contentreactor.MyEdenService.service.tests.dll" id="fe4a419b-333e-8763-faaf-7c777a30cede">
      <Execution id="198e8b80-774e-4e0a-9ad2-f6ec844cc4d5" />
      <TestMethod codeBase="/home/codespace/workspace/Eden/ContentReactor/MyEdenService/Service.Tests/bin/Debug/netcoreapp3.1/ContentReactor.MyEdenService.Service.Tests.dll" adapterTypeName="executor://mstestadapter/v2" className="ContentReactor.MyEdenService.Service.Tests.Unit.DeleteFunctionTests" name="WithInvalidMyEdenServiceIdReturnsMyEdenServiceNotFound" />
    </UnitTest>
    <UnitTest name="WithThrownExceptionThrowsException" storage="/home/codespace/workspace/eden/contentreactor/MyEdenService/service.tests/bin/debug/netcoreapp3.1/contentreactor.MyEdenService.service.tests.dll" id="dafa0fac-4609-bad0-5b98-9acb45fd04f4">
      <Execution id="93031663-4f64-4e4d-9429-d96c4ef8b5a6" />
      <TestMethod codeBase="/home/codespace/workspace/Eden/ContentReactor/MyEdenService/Service.Tests/bin/Debug/netcoreapp3.1/ContentReactor.MyEdenService.Service.Tests.dll" adapterTypeName="executor://mstestadapter/v2" className="ContentReactor.MyEdenService.Service.Tests.Unit.GetFunctionTests" name="WithThrownExceptionThrowsException" />
    </UnitTest>
    <UnitTest name="WithThrownExceptionThrowsException" storage="/home/codespace/workspace/eden/contentreactor/MyEdenService/service.tests/bin/debug/netcoreapp3.1/contentreactor.MyEdenService.service.tests.dll" id="6c2063a5-8b7d-888d-1fdd-b2117563794f">
      <Execution id="9d79a167-6ba5-4827-a70c-1a46d9534cb6" />
      <TestMethod codeBase="/home/codespace/workspace/Eden/ContentReactor/MyEdenService/Service.Tests/bin/Debug/netcoreapp3.1/ContentReactor.MyEdenService.Service.Tests.dll" adapterTypeName="executor://mstestadapter/v2" className="ContentReactor.MyEdenService.Service.Tests.Unit.HealthCheckFunctionTests" name="WithThrownExceptionThrowsException" />
    </UnitTest>
    <UnitTest name="WithIncorrectUserIdReturnsNull" storage="/home/codespace/workspace/eden/contentreactor/MyEdenService/service.tests/bin/debug/netcoreapp3.1/contentreactor.MyEdenService.service.tests.dll" id="8fb2d7dc-bfdc-a8c7-946a-0e4bcb239524">
      <Execution id="e12a86e3-0bb3-4f7d-921e-5c1e7beaefea" />
      <TestMethod codeBase="/home/codespace/workspace/Eden/ContentReactor/MyEdenService/Service.Tests/bin/Debug/netcoreapp3.1/ContentReactor.MyEdenService.Service.Tests.dll" adapterTypeName="executor://mstestadapter/v2" className="ContentReactor.MyEdenService.Service.Tests.Unit.GetFunctionTests" name="WithIncorrectUserIdReturnsNull" />
    </UnitTest>
    <UnitTest name="WithSubscriptionValidationEventReturnsActionResult" storage="/home/codespace/workspace/eden/contentreactor/MyEdenService/service.tests/bin/debug/netcoreapp3.1/contentreactor.MyEdenService.service.tests.dll" id="6de80d9a-1fa3-cebf-872a-1e0e3392a4c9">
      <Execution id="5613312c-e8af-46fe-81b4-e166fb44b861" />
      <TestMethod codeBase="/home/codespace/workspace/Eden/ContentReactor/MyEdenService/Service.Tests/bin/Debug/netcoreapp3.1/ContentReactor.MyEdenService.Service.Tests.dll" adapterTypeName="executor://mstestadapter/v2" className="ContentReactor.MyEdenService.Service.Tests.Unit.UpdateTranscriptFunctionTests" name="WithSubscriptionValidationEventReturnsActionResult" />
    </UnitTest>
    <UnitTest name="WithIncorrectUserIdReturnsNotFound" storage="/home/codespace/workspace/eden/contentreactor/MyEdenService/service.tests/bin/debug/netcoreapp3.1/contentreactor.MyEdenService.service.tests.dll" id="520f37d0-66cf-5108-1da5-558d4429fd22">
      <Execution id="0b9ec88a-f721-4a50-b29e-fb461a88f16d" />
      <TestMethod codeBase="/home/codespace/workspace/Eden/ContentReactor/MyEdenService/Service.Tests/bin/Debug/netcoreapp3.1/ContentReactor.MyEdenService.Service.Tests.dll" adapterTypeName="executor://mstestadapter/v2" className="ContentReactor.MyEdenService.Service.Tests.Unit.UpdateTranscriptFunctionTests" name="WithIncorrectUserIdReturnsNotFound" />
    </UnitTest>
    <UnitTest name="WithSuccessReturnsNoContentResult" storage="/home/codespace/workspace/eden/contentreactor/MyEdenService/service.tests/bin/debug/netcoreapp3.1/contentreactor.MyEdenService.service.tests.dll" id="54451a7c-a471-35a0-83bb-591650fdb9f6">
      <Execution id="be3fa618-5591-44f7-b43a-4b7a197f560c" />
      <TestMethod codeBase="/home/codespace/workspace/Eden/ContentReactor/MyEdenService/Service.Tests/bin/Debug/netcoreapp3.1/ContentReactor.MyEdenService.Service.Tests.dll" adapterTypeName="executor://mstestadapter/v2" className="ContentReactor.MyEdenService.Service.Tests.Unit.AddCompleteFunctionTests" name="WithSuccessReturnsNoContentResult" />
    </UnitTest>
    <UnitTest name="WithNullPayloadRequestReturnsBadRequest" storage="/home/codespace/workspace/eden/contentreactor/MyEdenService/service.tests/bin/debug/netcoreapp3.1/contentreactor.MyEdenService.service.tests.dll" id="1d57ff94-aa8f-4501-4dde-19984b208a69">
      <Execution id="8461ffb5-d47d-4c14-b844-65b993df44e8" />
      <TestMethod codeBase="/home/codespace/workspace/Eden/ContentReactor/MyEdenService/Service.Tests/bin/Debug/netcoreapp3.1/ContentReactor.MyEdenService.Service.Tests.dll" adapterTypeName="executor://mstestadapter/v2" className="ContentReactor.MyEdenService.Service.Tests.Unit.AddCompleteFunctionTests" name="WithNullPayloadRequestReturnsBadRequest" />
    </UnitTest>
    <UnitTest name="WithAnotherUserIdDoesNotReturnSummaries" storage="/home/codespace/workspace/eden/contentreactor/MyEdenService/service.tests/bin/debug/netcoreapp3.1/contentreactor.MyEdenService.service.tests.dll" id="91fa1298-09dd-44bf-6fb4-2de8f5bf7d02">
      <Execution id="41fabbec-7a77-4114-be99-b6cc45e5bec4" />
      <TestMethod codeBase="/home/codespace/workspace/Eden/ContentReactor/MyEdenService/Service.Tests/bin/Debug/netcoreapp3.1/ContentReactor.MyEdenService.Service.Tests.dll" adapterTypeName="executor://mstestadapter/v2" className="ContentReactor.MyEdenService.Service.Tests.Unit.GetListFunctionTests" name="WithAnotherUserIdDoesNotReturnSummaries" />
    </UnitTest>
    <UnitTest name="WithSuccessPublishesMyEdenServiceDeletedEventToEventGrid" storage="/home/codespace/workspace/eden/contentreactor/MyEdenService/service.tests/bin/debug/netcoreapp3.1/contentreactor.MyEdenService.service.tests.dll" id="8634e201-39ee-8d4b-9808-3e2027c90bb1">
      <Execution id="3e81228c-bfe6-4e30-8cf3-86c2664f17f5" />
      <TestMethod codeBase="/home/codespace/workspace/Eden/ContentReactor/MyEdenService/Service.Tests/bin/Debug/netcoreapp3.1/ContentReactor.MyEdenService.Service.Tests.dll" adapterTypeName="executor://mstestadapter/v2" className="ContentReactor.MyEdenService.Service.Tests.Unit.DeleteFunctionTests" name="WithSuccessPublishesMyEdenServiceDeletedEventToEventGrid" />
    </UnitTest>
    <UnitTest name="WithMissingCategoryIdReturnsBadRequest" storage="/home/codespace/workspace/eden/contentreactor/MyEdenService/service.tests/bin/debug/netcoreapp3.1/contentreactor.MyEdenService.service.tests.dll" id="81fea369-90a1-b3c6-7363-56f2d86164c8">
      <Execution id="48348600-0bf8-4f4c-b357-8e10febfddf1" />
      <TestMethod codeBase="/home/codespace/workspace/Eden/ContentReactor/MyEdenService/Service.Tests/bin/Debug/netcoreapp3.1/ContentReactor.MyEdenService.Service.Tests.dll" adapterTypeName="executor://mstestadapter/v2" className="ContentReactor.MyEdenService.Service.Tests.Unit.AddCompleteFunctionTests" name="WithMissingCategoryIdReturnsBadRequest" />
    </UnitTest>
    <UnitTest name="WithThrownExceptionThrowsException" storage="/home/codespace/workspace/eden/contentreactor/MyEdenService/service.tests/bin/debug/netcoreapp3.1/contentreactor.MyEdenService.service.tests.dll" id="9420249d-7352-4e90-6bc6-23455d661e4a">
      <Execution id="6b589661-8e3c-46cb-a133-be244a328140" />
      <TestMethod codeBase="/home/codespace/workspace/Eden/ContentReactor/MyEdenService/Service.Tests/bin/Debug/netcoreapp3.1/ContentReactor.MyEdenService.Service.Tests.dll" adapterTypeName="executor://mstestadapter/v2" className="ContentReactor.MyEdenService.Service.Tests.Unit.DeleteFunctionTests" name="WithThrownExceptionThrowsException" />
    </UnitTest>
    <UnitTest name="WithSuccessDeletesBlob" storage="/home/codespace/workspace/eden/contentreactor/MyEdenService/service.tests/bin/debug/netcoreapp3.1/contentreactor.MyEdenService.service.tests.dll" id="451b451a-226c-73d0-3836-ef9bebc9fc00">
      <Execution id="40d6d18d-5e45-4870-b245-133d1a8df4a1" />
      <TestMethod codeBase="/home/codespace/workspace/Eden/ContentReactor/MyEdenService/Service.Tests/bin/Debug/netcoreapp3.1/ContentReactor.MyEdenService.Service.Tests.dll" adapterTypeName="executor://mstestadapter/v2" className="ContentReactor.MyEdenService.Service.Tests.Unit.DeleteFunctionTests" name="WithSuccessDeletesBlob" />
    </UnitTest>
    <UnitTest name="WithBlobStorageFailing" storage="/home/codespace/workspace/eden/contentreactor/MyEdenService/service.tests/bin/debug/netcoreapp3.1/contentreactor.MyEdenService.service.tests.dll" id="f0ea3ec5-8ba0-b8eb-07f9-6d1abb33e3f4">
      <Execution id="a417e9bd-e469-4cbb-ab0e-105d17cb7483" />
      <TestMethod codeBase="/home/codespace/workspace/Eden/ContentReactor/MyEdenService/Service.Tests/bin/Debug/netcoreapp3.1/ContentReactor.MyEdenService.Service.Tests.dll" adapterTypeName="executor://mstestadapter/v2" className="ContentReactor.MyEdenService.Service.Tests.Unit.HealthCheckFunctionTests" name="WithBlobStorageFailing" />
    </UnitTest>
    <UnitTest name="WithThrownExceptionThrowsException" storage="/home/codespace/workspace/eden/contentreactor/MyEdenService/service.tests/bin/debug/netcoreapp3.1/contentreactor.MyEdenService.service.tests.dll" id="a0c0f3a5-b02c-3f7e-e163-ddc53be28029">
      <Execution id="b7b289d0-be44-4f0c-92bf-aac04289c9ea" />
      <TestMethod codeBase="/home/codespace/workspace/Eden/ContentReactor/MyEdenService/Service.Tests/bin/Debug/netcoreapp3.1/ContentReactor.MyEdenService.Service.Tests.dll" adapterTypeName="executor://mstestadapter/v2" className="ContentReactor.MyEdenService.Service.Tests.Unit.AddCompleteFunctionTests" name="WithThrownExceptionThrowsException" />
    </UnitTest>
    <UnitTest name="WithThrownExceptionThrowsException" storage="/home/codespace/workspace/eden/contentreactor/MyEdenService/service.tests/bin/debug/netcoreapp3.1/contentreactor.MyEdenService.service.tests.dll" id="acb23a0d-2022-f684-b79a-7252c0d548a1">
      <Execution id="d7158dba-a817-4520-a528-8372921547eb" />
      <TestMethod codeBase="/home/codespace/workspace/Eden/ContentReactor/MyEdenService/Service.Tests/bin/Debug/netcoreapp3.1/ContentReactor.MyEdenService.Service.Tests.dll" adapterTypeName="executor://mstestadapter/v2" className="ContentReactor.MyEdenService.Service.Tests.Unit.UpdateTranscriptFunctionTests" name="WithThrownExceptionThrowsException" />
    </UnitTest>
    <UnitTest name="WithSuccessPublishesMyEdenServiceTranscriptUpdatedEventToEventGrid" storage="/home/codespace/workspace/eden/contentreactor/MyEdenService/service.tests/bin/debug/netcoreapp3.1/contentreactor.MyEdenService.service.tests.dll" id="6c22730f-b7cb-555b-84d4-c4171a9ab205">
      <Execution id="5053ce32-f741-4e04-9c15-ebd1c17a5c94" />
      <TestMethod codeBase="/home/codespace/workspace/Eden/ContentReactor/MyEdenService/Service.Tests/bin/Debug/netcoreapp3.1/ContentReactor.MyEdenService.Service.Tests.dll" adapterTypeName="executor://mstestadapter/v2" className="ContentReactor.MyEdenService.Service.Tests.Unit.UpdateTranscriptFunctionTests" name="WithSuccessPublishesMyEdenServiceTranscriptUpdatedEventToEventGrid" />
    </UnitTest>
    <UnitTest name="WithMissingMyEdenServiceFileReturnsMyEdenServiceNotUploaded" storage="/home/codespace/workspace/eden/contentreactor/MyEdenService/service.tests/bin/debug/netcoreapp3.1/contentreactor.MyEdenService.service.tests.dll" id="bfdfd83b-53ad-4348-41e2-a664d03b6cf8">
      <Execution id="ab5d087c-d2d0-4029-a94b-fbc2221d65de" />
      <TestMethod codeBase="/home/codespace/workspace/Eden/ContentReactor/MyEdenService/Service.Tests/bin/Debug/netcoreapp3.1/ContentReactor.MyEdenService.Service.Tests.dll" adapterTypeName="executor://mstestadapter/v2" className="ContentReactor.MyEdenService.Service.Tests.Unit.AddCompleteFunctionTests" name="WithMissingMyEdenServiceFileReturnsMyEdenServiceNotUploaded" />
    </UnitTest>
    <UnitTest name="WithSuccessUpdatesBlobMetadata" storage="/home/codespace/workspace/eden/contentreactor/MyEdenService/service.tests/bin/debug/netcoreapp3.1/contentreactor.MyEdenService.service.tests.dll" id="5ffc5707-8996-c579-4409-94a6c1c9f400">
      <Execution id="b2a250f1-7169-42b5-b57e-107634cc3fb0" />
      <TestMethod codeBase="/home/codespace/workspace/Eden/ContentReactor/MyEdenService/Service.Tests/bin/Debug/netcoreapp3.1/ContentReactor.MyEdenService.Service.Tests.dll" adapterTypeName="executor://mstestadapter/v2" className="ContentReactor.MyEdenService.Service.Tests.Unit.AddCompleteFunctionTests" name="WithSuccessUpdatesBlobMetadata" />
    </UnitTest>
    <UnitTest name="WithInvalidMyEdenServiceIdReturnsMyEdenServiceNotFound" storage="/home/codespace/workspace/eden/contentreactor/MyEdenService/service.tests/bin/debug/netcoreapp3.1/contentreactor.MyEdenService.service.tests.dll" id="20179463-a957-5ebe-daf6-c542f0cf368d">
      <Execution id="e5795864-6037-492a-aadc-b50d3d43543a" />
      <TestMethod codeBase="/home/codespace/workspace/Eden/ContentReactor/MyEdenService/Service.Tests/bin/Debug/netcoreapp3.1/ContentReactor.MyEdenService.Service.Tests.dll" adapterTypeName="executor://mstestadapter/v2" className="ContentReactor.MyEdenService.Service.Tests.Unit.UpdateTranscriptFunctionTests" name="WithInvalidMyEdenServiceIdReturnsMyEdenServiceNotFound" />
    </UnitTest>
    <UnitTest name="ProcessMyEdenServiceTranscriptResponseReturnsExpectedResponse" storage="/home/codespace/workspace/eden/contentreactor/MyEdenService/service.tests/bin/debug/netcoreapp3.1/contentreactor.MyEdenService.service.tests.dll" id="82d6557e-dcdd-6f26-b6aa-cdece6f1aef7">
      <Execution id="5943509c-cb5c-49b2-8739-598f3d5518fb" />
      <TestMethod codeBase="/home/codespace/workspace/Eden/ContentReactor/MyEdenService/Service.Tests/bin/Debug/netcoreapp3.1/ContentReactor.MyEdenService.Service.Tests.dll" adapterTypeName="executor://mstestadapter/v2" className="ContentReactor.MyEdenService.Service.Tests.Unit.MyEdenServiceTranscriptionServiceTests" name="ProcessMyEdenServiceTranscriptResponseReturnsExpectedResponse" />
    </UnitTest>
    <UnitTest name="WithInvalidJsonRequestReturnsBadRequest" storage="/home/codespace/workspace/eden/contentreactor/MyEdenService/service.tests/bin/debug/netcoreapp3.1/contentreactor.MyEdenService.service.tests.dll" id="e7845ed6-4dd9-8270-61af-99e23411d1bf">
      <Execution id="c37ed764-93f1-45c2-a173-f67d303413da" />
      <TestMethod codeBase="/home/codespace/workspace/Eden/ContentReactor/MyEdenService/Service.Tests/bin/Debug/netcoreapp3.1/ContentReactor.MyEdenService.Service.Tests.dll" adapterTypeName="executor://mstestadapter/v2" className="ContentReactor.MyEdenService.Service.Tests.Unit.AddCompleteFunctionTests" name="WithInvalidJsonRequestReturnsBadRequest" />
    </UnitTest>
    <UnitTest name="WithMissingUserIdReturnsBadRequest" storage="/home/codespace/workspace/eden/contentreactor/MyEdenService/service.tests/bin/debug/netcoreapp3.1/contentreactor.MyEdenService.service.tests.dll" id="bcc1ca7b-9e38-7449-30cd-b337914e4420">
      <Execution id="b3a6fd0a-ddd9-4451-ac20-a473d340f4fe" />
      <TestMethod codeBase="/home/codespace/workspace/Eden/ContentReactor/MyEdenService/Service.Tests/bin/Debug/netcoreapp3.1/ContentReactor.MyEdenService.Service.Tests.dll" adapterTypeName="executor://mstestadapter/v2" className="ContentReactor.MyEdenService.Service.Tests.Unit.AddBeginFunctionTests" name="WithMissingUserIdReturnsBadRequest" />
    </UnitTest>
    <UnitTest name="WithTranscriptMissingReturnsMyEdenServiceNote" storage="/home/codespace/workspace/eden/contentreactor/MyEdenService/service.tests/bin/debug/netcoreapp3.1/contentreactor.MyEdenService.service.tests.dll" id="8710af30-0b16-4e64-dd96-5a9938d72c4b">
      <Execution id="b2abc1be-1ca4-495b-a1da-e593ab8d9cc1" />
      <TestMethod codeBase="/home/codespace/workspace/Eden/ContentReactor/MyEdenService/Service.Tests/bin/Debug/netcoreapp3.1/ContentReactor.MyEdenService.Service.Tests.dll" adapterTypeName="executor://mstestadapter/v2" className="ContentReactor.MyEdenService.Service.Tests.Unit.GetFunctionTests" name="WithTranscriptMissingReturnsMyEdenServiceNote" />
    </UnitTest>
    <UnitTest name="WithSuccessReturnsSummaries" storage="/home/codespace/workspace/eden/contentreactor/MyEdenService/service.tests/bin/debug/netcoreapp3.1/contentreactor.MyEdenService.service.tests.dll" id="ce0947f0-d935-bd62-63d4-66a131334262">
      <Execution id="2be852c0-66bb-45e2-95e4-2300be6447db" />
      <TestMethod codeBase="/home/codespace/workspace/Eden/ContentReactor/MyEdenService/Service.Tests/bin/Debug/netcoreapp3.1/ContentReactor.MyEdenService.Service.Tests.dll" adapterTypeName="executor://mstestadapter/v2" className="ContentReactor.MyEdenService.Service.Tests.Unit.GetListFunctionTests" name="WithSuccessReturnsSummaries" />
    </UnitTest>
    <UnitTest name="WithIncorrectUserIdReturnsMyEdenServiceNotFound" storage="/home/codespace/workspace/eden/contentreactor/MyEdenService/service.tests/bin/debug/netcoreapp3.1/contentreactor.MyEdenService.service.tests.dll" id="bf4ef788-55db-47f3-3f21-4f5f553f3670">
      <Execution id="7b207a86-dcaa-42fb-aaf2-e2ac7cc13bb7" />
      <TestMethod codeBase="/home/codespace/workspace/Eden/ContentReactor/MyEdenService/Service.Tests/bin/Debug/netcoreapp3.1/ContentReactor.MyEdenService.Service.Tests.dll" adapterTypeName="executor://mstestadapter/v2" className="ContentReactor.MyEdenService.Service.Tests.Unit.DeleteFunctionTests" name="WithIncorrectUserIdReturnsMyEdenServiceNotFound" />
    </UnitTest>
    <UnitTest name="WithSuccessPublishesMyEdenServiceCreatedEventToEventGrid" storage="/home/codespace/workspace/eden/contentreactor/MyEdenService/service.tests/bin/debug/netcoreapp3.1/contentreactor.MyEdenService.service.tests.dll" id="aa5730a5-9cad-d706-eb41-7e0f06774485">
      <Execution id="f16d3dfd-22bf-4820-88b3-543f063e61a6" />
      <TestMethod codeBase="/home/codespace/workspace/Eden/ContentReactor/MyEdenService/Service.Tests/bin/Debug/netcoreapp3.1/ContentReactor.MyEdenService.Service.Tests.dll" adapterTypeName="executor://mstestadapter/v2" className="ContentReactor.MyEdenService.Service.Tests.Unit.AddCompleteFunctionTests" name="WithSuccessPublishesMyEdenServiceCreatedEventToEventGrid" />
    </UnitTest>
    <UnitTest name="WithSuccessReturnsMyEdenService" storage="/home/codespace/workspace/eden/contentreactor/MyEdenService/service.tests/bin/debug/netcoreapp3.1/contentreactor.MyEdenService.service.tests.dll" id="c633da9b-2aa3-a092-8841-97e864031b1d">
      <Execution id="8e53f0b3-a1f7-4b91-8bfa-b70e2f5e2b59" />
      <TestMethod codeBase="/home/codespace/workspace/Eden/ContentReactor/MyEdenService/Service.Tests/bin/Debug/netcoreapp3.1/ContentReactor.MyEdenService.Service.Tests.dll" adapterTypeName="executor://mstestadapter/v2" className="ContentReactor.MyEdenService.Service.Tests.Unit.GetFunctionTests" name="WithSuccessReturnsMyEdenService" />
    </UnitTest>
    <UnitTest name="WithMyEdenServiceFileAlreadyCreatedReturnsMyEdenServiceAlreadyCreated" storage="/home/codespace/workspace/eden/contentreactor/MyEdenService/service.tests/bin/debug/netcoreapp3.1/contentreactor.MyEdenService.service.tests.dll" id="32ba9155-e514-8ea4-76d8-dce288441d00">
      <Execution id="fedd70af-da30-44b4-83e3-73e0bb72bbdc" />
      <TestMethod codeBase="/home/codespace/workspace/Eden/ContentReactor/MyEdenService/Service.Tests/bin/Debug/netcoreapp3.1/ContentReactor.MyEdenService.Service.Tests.dll" adapterTypeName="executor://mstestadapter/v2" className="ContentReactor.MyEdenService.Service.Tests.Unit.AddCompleteFunctionTests" name="WithMyEdenServiceFileAlreadyCreatedReturnsMyEdenServiceAlreadyCreated" />
    </UnitTest>
    <UnitTest name="WithSuccessReturnsIdAndUrl" storage="/home/codespace/workspace/eden/contentreactor/MyEdenService/service.tests/bin/debug/netcoreapp3.1/contentreactor.MyEdenService.service.tests.dll" id="7af28eac-4739-2175-287b-ac7dd31373e9">
      <Execution id="36a9c38f-b212-48aa-b8a9-218de7b8dc5c" />
      <TestMethod codeBase="/home/codespace/workspace/Eden/ContentReactor/MyEdenService/Service.Tests/bin/Debug/netcoreapp3.1/ContentReactor.MyEdenService.Service.Tests.dll" adapterTypeName="executor://mstestadapter/v2" className="ContentReactor.MyEdenService.Service.Tests.Unit.AddBeginFunctionTests" name="WithSuccessReturnsIdAndUrl" />
    </UnitTest>
    <UnitTest name="WithSuccessUpdatesBlobTranscriptInMetadata" storage="/home/codespace/workspace/eden/contentreactor/MyEdenService/service.tests/bin/debug/netcoreapp3.1/contentreactor.MyEdenService.service.tests.dll" id="e5d30344-bd9c-f9ac-8b4d-5a898a2acca2">
      <Execution id="02743d9e-f1f1-4e20-810c-9935ea95c836" />
      <TestMethod codeBase="/home/codespace/workspace/Eden/ContentReactor/MyEdenService/Service.Tests/bin/Debug/netcoreapp3.1/ContentReactor.MyEdenService.Service.Tests.dll" adapterTypeName="executor://mstestadapter/v2" className="ContentReactor.MyEdenService.Service.Tests.Unit.UpdateTranscriptFunctionTests" name="WithSuccessUpdatesBlobTranscriptInMetadata" />
    </UnitTest>
    <UnitTest name="CreateMyEdenServiceTranscriptRequestReturnsExpectedRequest" storage="/home/codespace/workspace/eden/contentreactor/MyEdenService/service.tests/bin/debug/netcoreapp3.1/contentreactor.MyEdenService.service.tests.dll" id="1da55c9b-11ee-be8f-7cc0-4d2b30becf28">
      <Execution id="fbddef59-80cc-4333-ac7d-8d0dcd024268" />
      <TestMethod codeBase="/home/codespace/workspace/Eden/ContentReactor/MyEdenService/Service.Tests/bin/Debug/netcoreapp3.1/ContentReactor.MyEdenService.Service.Tests.dll" adapterTypeName="executor://mstestadapter/v2" className="ContentReactor.MyEdenService.Service.Tests.Unit.MyEdenServiceTranscriptionServiceTests" name="CreateMyEdenServiceTranscriptRequestReturnsExpectedRequest" />
    </UnitTest>
    <UnitTest name="WithMissingUserIdReturnsBadRequest" storage="/home/codespace/workspace/eden/contentreactor/MyEdenService/service.tests/bin/debug/netcoreapp3.1/contentreactor.MyEdenService.service.tests.dll" id="64c74cca-c492-6804-0431-5132250cc3b2">
      <Execution id="e4b036e7-4464-47f8-a437-97bfee729620" />
      <TestMethod codeBase="/home/codespace/workspace/Eden/ContentReactor/MyEdenService/Service.Tests/bin/Debug/netcoreapp3.1/ContentReactor.MyEdenService.Service.Tests.dll" adapterTypeName="executor://mstestadapter/v2" className="ContentReactor.MyEdenService.Service.Tests.Unit.HealthCheckFunctionTests" name="WithMissingUserIdReturnsBadRequest" />
    </UnitTest>
    <UnitTest name="WithMissingUserIdReturnsBadRequest" storage="/home/codespace/workspace/eden/contentreactor/MyEdenService/service.tests/bin/debug/netcoreapp3.1/contentreactor.MyEdenService.service.tests.dll" id="ba88ab5b-a411-4621-3b95-4167b2ea51f8">
      <Execution id="edac2fa2-41ad-4dbc-a954-99d2343f00ce" />
      <TestMethod codeBase="/home/codespace/workspace/Eden/ContentReactor/MyEdenService/Service.Tests/bin/Debug/netcoreapp3.1/ContentReactor.MyEdenService.Service.Tests.dll" adapterTypeName="executor://mstestadapter/v2" className="ContentReactor.MyEdenService.Service.Tests.Unit.AddCompleteFunctionTests" name="WithMissingUserIdReturnsBadRequest" />
    </UnitTest>
    <UnitTest name="WithNoTranscriptReturnsNotFound" storage="/home/codespace/workspace/eden/contentreactor/MyEdenService/service.tests/bin/debug/netcoreapp3.1/contentreactor.MyEdenService.service.tests.dll" id="d24db08a-3b7c-564e-29bf-734c5710653c">
      <Execution id="2fb78125-3a6b-4c4a-9861-20e00b08290b" />
      <TestMethod codeBase="/home/codespace/workspace/Eden/ContentReactor/MyEdenService/Service.Tests/bin/Debug/netcoreapp3.1/ContentReactor.MyEdenService.Service.Tests.dll" adapterTypeName="executor://mstestadapter/v2" className="ContentReactor.MyEdenService.Service.Tests.Unit.UpdateTranscriptFunctionTests" name="WithNoTranscriptReturnsNotFound" />
    </UnitTest>
    <UnitTest name="WithMissingUserIdReturnsBadRequest" storage="/home/codespace/workspace/eden/contentreactor/MyEdenService/service.tests/bin/debug/netcoreapp3.1/contentreactor.MyEdenService.service.tests.dll" id="b9fb8fd3-8ceb-0454-d81c-4ed068ea5559">
      <Execution id="75f44734-3acd-48c2-ad21-03b1577901f3" />
      <TestMethod codeBase="/home/codespace/workspace/Eden/ContentReactor/MyEdenService/Service.Tests/bin/Debug/netcoreapp3.1/ContentReactor.MyEdenService.Service.Tests.dll" adapterTypeName="executor://mstestadapter/v2" className="ContentReactor.MyEdenService.Service.Tests.Unit.DeleteFunctionTests" name="WithMissingUserIdReturnsBadRequest" />
    </UnitTest>
    <UnitTest name="WithMissingUserIdReturnsBadRequest" storage="/home/codespace/workspace/eden/contentreactor/MyEdenService/service.tests/bin/debug/netcoreapp3.1/contentreactor.MyEdenService.service.tests.dll" id="1f49555e-86c0-58ca-1d4f-e6c68a256926">
      <Execution id="e04a461d-97c0-469f-953b-14b9d092c8d0" />
      <TestMethod codeBase="/home/codespace/workspace/Eden/ContentReactor/MyEdenService/Service.Tests/bin/Debug/netcoreapp3.1/ContentReactor.MyEdenService.Service.Tests.dll" adapterTypeName="executor://mstestadapter/v2" className="ContentReactor.MyEdenService.Service.Tests.Unit.GetFunctionTests" name="WithMissingUserIdReturnsBadRequest" />
    </UnitTest>
    <UnitTest name="WithInvalidMyEdenServiceIdReturnsNull" storage="/home/codespace/workspace/eden/contentreactor/MyEdenService/service.tests/bin/debug/netcoreapp3.1/contentreactor.MyEdenService.service.tests.dll" id="102e9f71-4ae4-7930-eb2f-66f22893b2af">
      <Execution id="68877690-c938-45be-9cf1-a33744d21c9f" />
      <TestMethod codeBase="/home/codespace/workspace/Eden/ContentReactor/MyEdenService/Service.Tests/bin/Debug/netcoreapp3.1/ContentReactor.MyEdenService.Service.Tests.dll" adapterTypeName="executor://mstestadapter/v2" className="ContentReactor.MyEdenService.Service.Tests.Unit.GetFunctionTests" name="WithInvalidMyEdenServiceIdReturnsNull" />
    </UnitTest>
  </TestDefinitions>
  <TestEntries>
    <TestEntry testId="6de80d9a-1fa3-cebf-872a-1e0e3392a4c9" executionId="5613312c-e8af-46fe-81b4-e166fb44b861" testListId="8c84fa94-04c1-424b-9868-57a2d4851a1d" />
    <TestEntry testId="dafa0fac-4609-bad0-5b98-9acb45fd04f4" executionId="93031663-4f64-4e4d-9429-d96c4ef8b5a6" testListId="8c84fa94-04c1-424b-9868-57a2d4851a1d" />
    <TestEntry testId="20179463-a957-5ebe-daf6-c542f0cf368d" executionId="e5795864-6037-492a-aadc-b50d3d43543a" testListId="8c84fa94-04c1-424b-9868-57a2d4851a1d" />
    <TestEntry testId="ba88ab5b-a411-4621-3b95-4167b2ea51f8" executionId="edac2fa2-41ad-4dbc-a954-99d2343f00ce" testListId="8c84fa94-04c1-424b-9868-57a2d4851a1d" />
    <TestEntry testId="91fa1298-09dd-44bf-6fb4-2de8f5bf7d02" executionId="41fabbec-7a77-4114-be99-b6cc45e5bec4" testListId="8c84fa94-04c1-424b-9868-57a2d4851a1d" />
    <TestEntry testId="54451a7c-a471-35a0-83bb-591650fdb9f6" executionId="be3fa618-5591-44f7-b43a-4b7a197f560c" testListId="8c84fa94-04c1-424b-9868-57a2d4851a1d" />
    <TestEntry testId="9420249d-7352-4e90-6bc6-23455d661e4a" executionId="6b589661-8e3c-46cb-a133-be244a328140" testListId="8c84fa94-04c1-424b-9868-57a2d4851a1d" />
    <TestEntry testId="e7845ed6-4dd9-8270-61af-99e23411d1bf" executionId="c37ed764-93f1-45c2-a173-f67d303413da" testListId="8c84fa94-04c1-424b-9868-57a2d4851a1d" />
    <TestEntry testId="a0c0f3a5-b02c-3f7e-e163-ddc53be28029" executionId="b7b289d0-be44-4f0c-92bf-aac04289c9ea" testListId="8c84fa94-04c1-424b-9868-57a2d4851a1d" />
    <TestEntry testId="bcc1ca7b-9e38-7449-30cd-b337914e4420" executionId="b3a6fd0a-ddd9-4451-ac20-a473d340f4fe" testListId="8c84fa94-04c1-424b-9868-57a2d4851a1d" />
    <TestEntry testId="102e9f71-4ae4-7930-eb2f-66f22893b2af" executionId="68877690-c938-45be-9cf1-a33744d21c9f" testListId="8c84fa94-04c1-424b-9868-57a2d4851a1d" />
    <TestEntry testId="8fb2d7dc-bfdc-a8c7-946a-0e4bcb239524" executionId="e12a86e3-0bb3-4f7d-921e-5c1e7beaefea" testListId="8c84fa94-04c1-424b-9868-57a2d4851a1d" />
    <TestEntry testId="fe4a419b-333e-8763-faaf-7c777a30cede" executionId="198e8b80-774e-4e0a-9ad2-f6ec844cc4d5" testListId="8c84fa94-04c1-424b-9868-57a2d4851a1d" />
    <TestEntry testId="9bde2dcc-883b-80dd-a41e-8ecbd5994daa" executionId="766b907e-51d2-45a8-8005-980b256d6abc" testListId="8c84fa94-04c1-424b-9868-57a2d4851a1d" />
    <TestEntry testId="c633da9b-2aa3-a092-8841-97e864031b1d" executionId="8e53f0b3-a1f7-4b91-8bfa-b70e2f5e2b59" testListId="8c84fa94-04c1-424b-9868-57a2d4851a1d" />
    <TestEntry testId="d24db08a-3b7c-564e-29bf-734c5710653c" executionId="2fb78125-3a6b-4c4a-9861-20e00b08290b" testListId="8c84fa94-04c1-424b-9868-57a2d4851a1d" />
    <TestEntry testId="bfdfd83b-53ad-4348-41e2-a664d03b6cf8" executionId="ab5d087c-d2d0-4029-a94b-fbc2221d65de" testListId="8c84fa94-04c1-424b-9868-57a2d4851a1d" />
    <TestEntry testId="5ffc5707-8996-c579-4409-94a6c1c9f400" executionId="b2a250f1-7169-42b5-b57e-107634cc3fb0" testListId="8c84fa94-04c1-424b-9868-57a2d4851a1d" />
    <TestEntry testId="bf4ef788-55db-47f3-3f21-4f5f553f3670" executionId="7b207a86-dcaa-42fb-aaf2-e2ac7cc13bb7" testListId="8c84fa94-04c1-424b-9868-57a2d4851a1d" />
    <TestEntry testId="8710af30-0b16-4e64-dd96-5a9938d72c4b" executionId="b2abc1be-1ca4-495b-a1da-e593ab8d9cc1" testListId="8c84fa94-04c1-424b-9868-57a2d4851a1d" />
    <TestEntry testId="1f49555e-86c0-58ca-1d4f-e6c68a256926" executionId="e04a461d-97c0-469f-953b-14b9d092c8d0" testListId="8c84fa94-04c1-424b-9868-57a2d4851a1d" />
    <TestEntry testId="6c2063a5-8b7d-888d-1fdd-b2117563794f" executionId="9d79a167-6ba5-4827-a70c-1a46d9534cb6" testListId="8c84fa94-04c1-424b-9868-57a2d4851a1d" />
    <TestEntry testId="acb23a0d-2022-f684-b79a-7252c0d548a1" executionId="d7158dba-a817-4520-a528-8372921547eb" testListId="8c84fa94-04c1-424b-9868-57a2d4851a1d" />
    <TestEntry testId="81fea369-90a1-b3c6-7363-56f2d86164c8" executionId="48348600-0bf8-4f4c-b357-8e10febfddf1" testListId="8c84fa94-04c1-424b-9868-57a2d4851a1d" />
    <TestEntry testId="451b451a-226c-73d0-3836-ef9bebc9fc00" executionId="40d6d18d-5e45-4870-b245-133d1a8df4a1" testListId="8c84fa94-04c1-424b-9868-57a2d4851a1d" />
    <TestEntry testId="e5d30344-bd9c-f9ac-8b4d-5a898a2acca2" executionId="02743d9e-f1f1-4e20-810c-9935ea95c836" testListId="8c84fa94-04c1-424b-9868-57a2d4851a1d" />
    <TestEntry testId="64c74cca-c492-6804-0431-5132250cc3b2" executionId="e4b036e7-4464-47f8-a437-97bfee729620" testListId="8c84fa94-04c1-424b-9868-57a2d4851a1d" />
    <TestEntry testId="f0ea3ec5-8ba0-b8eb-07f9-6d1abb33e3f4" executionId="a417e9bd-e469-4cbb-ab0e-105d17cb7483" testListId="8c84fa94-04c1-424b-9868-57a2d4851a1d" />
    <TestEntry testId="82d6557e-dcdd-6f26-b6aa-cdece6f1aef7" executionId="5943509c-cb5c-49b2-8739-598f3d5518fb" testListId="8c84fa94-04c1-424b-9868-57a2d4851a1d" />
    <TestEntry testId="7af28eac-4739-2175-287b-ac7dd31373e9" executionId="36a9c38f-b212-48aa-b8a9-218de7b8dc5c" testListId="8c84fa94-04c1-424b-9868-57a2d4851a1d" />
    <TestEntry testId="1da55c9b-11ee-be8f-7cc0-4d2b30becf28" executionId="fbddef59-80cc-4333-ac7d-8d0dcd024268" testListId="8c84fa94-04c1-424b-9868-57a2d4851a1d" />
    <TestEntry testId="bdebc295-a019-ea8d-69d0-0fa4955df5a9" executionId="ec5557c2-173e-400a-8e3a-910d7c924a26" testListId="8c84fa94-04c1-424b-9868-57a2d4851a1d" />
    <TestEntry testId="32ba9155-e514-8ea4-76d8-dce288441d00" executionId="fedd70af-da30-44b4-83e3-73e0bb72bbdc" testListId="8c84fa94-04c1-424b-9868-57a2d4851a1d" />
    <TestEntry testId="520f37d0-66cf-5108-1da5-558d4429fd22" executionId="0b9ec88a-f721-4a50-b29e-fb461a88f16d" testListId="8c84fa94-04c1-424b-9868-57a2d4851a1d" />
    <TestEntry testId="b9fb8fd3-8ceb-0454-d81c-4ed068ea5559" executionId="75f44734-3acd-48c2-ad21-03b1577901f3" testListId="8c84fa94-04c1-424b-9868-57a2d4851a1d" />
    <TestEntry testId="8634e201-39ee-8d4b-9808-3e2027c90bb1" executionId="3e81228c-bfe6-4e30-8cf3-86c2664f17f5" testListId="8c84fa94-04c1-424b-9868-57a2d4851a1d" />
    <TestEntry testId="aa5730a5-9cad-d706-eb41-7e0f06774485" executionId="f16d3dfd-22bf-4820-88b3-543f063e61a6" testListId="8c84fa94-04c1-424b-9868-57a2d4851a1d" />
    <TestEntry testId="ce0947f0-d935-bd62-63d4-66a131334262" executionId="2be852c0-66bb-45e2-95e4-2300be6447db" testListId="8c84fa94-04c1-424b-9868-57a2d4851a1d" />
    <TestEntry testId="1d57ff94-aa8f-4501-4dde-19984b208a69" executionId="8461ffb5-d47d-4c14-b844-65b993df44e8" testListId="8c84fa94-04c1-424b-9868-57a2d4851a1d" />
    <TestEntry testId="6c22730f-b7cb-555b-84d4-c4171a9ab205" executionId="5053ce32-f741-4e04-9c15-ebd1c17a5c94" testListId="8c84fa94-04c1-424b-9868-57a2d4851a1d" />
  </TestEntries>
  <TestLists>
    <TestList name="Results Not in a List" id="8c84fa94-04c1-424b-9868-57a2d4851a1d" />
    <TestList name="All Loaded Results" id="19431567-8539-422a-85d7-44ee4e166bda" />
  </TestLists>
  <ResultSummary outcome="Completed">
    <Counters total="40" executed="40" passed="40" failed="0" error="0" timeout="0" aborted="0" inconclusive="0" passedButRunAborted="0" notRunnable="0" notExecuted="0" disconnected="0" warning="0" completed="0" inProgress="0" pending="0" />
  </ResultSummary>
</TestRun>